{
  "exclude": {
    "files": null,
    "lines": null
  },
  "generated_at": "2025-10-03T10:22:15Z",
  "plugins_used": [
    {
      "name": "ArtifactoryDetector"
    },
    {
      "name": "AWSKeyDetector"
    },
    {
      "name": "AzureStorageKeyDetector"
    },
    {
      "name": "Base64HighEntropyString",
      "limit": 4.5
    },
    {
      "name": "BasicAuthDetector"
    },
    {
      "name": "CloudantDetector"
    },
    {
      "name": "DiscordBotTokenDetector"
    },
    {
      "name": "GitHubTokenDetector"
    },
    {
      "name": "GitLabTokenDetector"
    },
    {
      "name": "HexHighEntropyString",
      "limit": 3.0
    },
    {
      "name": "IbmCloudIamDetector"
    },
    {
      "name": "IbmCosHmacDetector"
    },
    {
      "name": "IPPublicDetector"
    },
    {
      "name": "JwtTokenDetector"
    },
    {
      "name": "KeywordDetector",
      "keyword_exclude": ""
    },
    {
      "name": "MailchimpDetector"
    },
    {
      "name": "NpmDetector"
    },
    {
      "name": "OpenAIDetector"
    },
    {
      "name": "PrivateKeyDetector"
    },
    {
      "name": "PypiTokenDetector"
    },
    {
      "name": "SendGridDetector"
    },
    {
      "name": "SlackDetector"
    },
    {
      "name": "SoftlayerDetector"
    },
    {
      "name": "SquareOAuthDetector"
    },
    {
      "name": "StripeDetector"
    },
    {
      "name": "TelegramBotTokenDetector"
    },
    {
      "name": "TwilioKeyDetector"
    }
  ],
  "filters_used": [
    {
      "path": "detect_secrets.filters.allowlist.is_line_allowlisted"
    },
    {
      "path": "detect_secrets.filters.common.is_ignored_due_to_verification_policies",
      "min_level": 2
    },
    {
      "path": "detect_secrets.filters.heuristic.is_indirect_reference"
    },
    {
      "path": "detect_secrets.filters.heuristic.is_likely_id_string"
    },
    {
      "path": "detect_secrets.filters.heuristic.is_lock_file"
    },
    {
      "path": "detect_secrets.filters.heuristic.is_not_alphanumeric_string"
    },
    {
      "path": "detect_secrets.filters.heuristic.is_potential_uuid"
    },
    {
      "path": "detect_secrets.filters.heuristic.is_prefixed_with_dollar_sign"
    },
    {
      "path": "detect_secrets.filters.heuristic.is_sequential_string"
    },
    {
      "path": "detect_secrets.filters.heuristic.is_swagger_file"
    },
    {
      "path": "detect_secrets.filters.heuristic.is_templated_secret"
    }
  ],
  "results": {
    "apps/api/src/auth/services/admin-email.service.ts": [
      {
        "type": "Secret Keyword",
        "filename": "apps/api/src/auth/services/admin-email.service.ts",
        "hashed_secret": "c218e39efa2e1aae69f39d2054528369ce1e1f46",
        "is_verified": false,
        "line_number": 96
      }
    ]
  },
  "generated_at": "2025-10-02T18:30:28Z"
        "line_number": 96,
        "type": "Secret Keyword",
        "verified_result": null
      }
    ],
    "apps/web/.env.template": [
      {
        "hashed_secret": "d08f88df745fa7950b104e4a707a31cfce7b5841",
        "is_verified": false,
        "line_number": 4,
        "type": "Secret Keyword",
        "verified_result": null
      }
    ],
    "apps/web/app/api/markChat/route.ts": [
      {
        "hashed_secret": "3f70a0183ead614880b70bff64fd39c0d9155d62",
        "is_verified": false,
        "line_number": 9,
        "type": "Secret Keyword",
        "verified_result": null
      }
    ],
    "apps/web/app/api/markChat/services/reportingService.ts": [
      {
        "hashed_secret": "d3ecb0d890368d7659ee54010045b835dacb8efe",
        "is_verified": false,
        "line_number": 61,
        "type": "Secret Keyword",
        "verified_result": null
      }
    ],
    "apps/web/app/api/transcribe/route.ts": [
      {
        "hashed_secret": "60634a9040f4a588cd5ec80391507a208c79cf00",
        "is_verified": false,
        "line_number": 6,
        "type": "Secret Keyword",
        "verified_result": null
      }
    ],
    "apps/web/app/learner/(components)/Question/FileCodeUploadSection.tsx": [
      {
        "hashed_secret": "cfb93ca9f329289d5f23de2b0e065103b81a374c",
        "is_verified": false,
        "line_number": 116,
        "type": "Secret Keyword",
        "verified_result": null
      }
    ],
    "apps/web/app/learner/(components)/Question/FileUploadSection.tsx": [
      {
        "hashed_secret": "cfb93ca9f329289d5f23de2b0e065103b81a374c",
        "is_verified": false,
        "line_number": 160,
        "type": "Secret Keyword",
        "verified_result": null
      }
    ],
    "apps/web/app/learner/(components)/Question/GithubUploadModal.tsx": [
      {
        "hashed_secret": "f0c5bc5473fd2f959bdac630e625aa33346fd12a",
        "is_verified": false,
        "line_number": 162,
        "type": "Secret Keyword",
        "verified_result": null
      },
      {
        "hashed_secret": "ee977806d7286510da8b9a7492ba58e2484c0ecc",
        "is_verified": false,
        "line_number": 177,
        "type": "Secret Keyword",
        "verified_result": null
      }
    ],
    "apps/web/app/learner/[assignmentId]/successPage/Question.tsx": [
      {
        "hashed_secret": "e1166e6dd837019ab04f130ab34c425e04161645",
        "is_verified": false,
        "line_number": 382,
        "type": "Secret Keyword",
        "verified_result": null
      },
      {
        "hashed_secret": "f0c5bc5473fd2f959bdac630e625aa33346fd12a",
        "is_verified": false,
        "line_number": 429,
        "type": "Secret Keyword",
        "verified_result": null
      },
      {
        "hashed_secret": "29080f1c58f9859ddaa6aeda7d2c410c12e222dc",
        "is_verified": false,
        "line_number": 461,
        "type": "Secret Keyword",
        "verified_result": null
      }
    ],
    "apps/web/lib/author.ts": [
      {
        "hashed_secret": "d3ecb0d890368d7659ee54010045b835dacb8efe",
        "is_verified": false,
        "line_number": 1562,
        "type": "Secret Keyword",
        "verified_result": null
      }
    ],
    "apps/web/lib/shared.ts": [
      {
        "hashed_secret": "d3ecb0d890368d7659ee54010045b835dacb8efe",
        "is_verified": false,
        "line_number": 1051,
        "type": "Secret Keyword",
        "verified_result": null
      }
    ],
    "apps/web/public/ffmpeg-core/ffmpeg-core.js": [
      {
        "hashed_secret": "b4e44716dbbf57be3dae2f819d96795a85d06652",
        "is_verified": false,
        "line_number": 410,
        "type": "Secret Keyword",
        "verified_result": null
      }
    ],
    "docs/CONTRIBUTING.md": [
      {
        "hashed_secret": "1c2b0d17c738509518ecc6efa233ee6c10e724f2",
        "is_verified": false,
        "line_number": 225,
        "type": "Basic Auth Credentials",
        "verified_result": null
      },
      {
        "hashed_secret": "f6b2b77f83ae6122acb0954c6502cf87b2c097c3",
        "is_verified": false,
        "line_number": 265,
        "type": "Secret Keyword",
        "verified_result": null
      }
    ]
  },
  "version": "0.13.1+ibm.64.dss",
  "word_list": {
    "file": null,
    "hash": null
  }
}
